// Jest Snapshot v1, https://goo.gl/fbAQLP

exports[`components | title | Title Renders the component 1`] = `ShallowWrapper {}`;
