// Jest Snapshot v1, https://goo.gl/fbAQLP

exports[`components | tabs | Tabs Renders the component 1`] = `ShallowWrapper {}`;
