// Jest Snapshot v1, https://goo.gl/fbAQLP

exports[`components | list | List Renders the component 1`] = `ShallowWrapper {}`;
