// Jest Snapshot v1, https://goo.gl/fbAQLP

exports[`components | order | KitchenOrder Renders the component 1`] = `ShallowWrapper {}`;
