// Jest Snapshot v1, https://goo.gl/fbAQLP

exports[`components | order | Order Container Renders the component 1`] = `ShallowWrapper {}`;
