// Jest Snapshot v1, https://goo.gl/fbAQLP

exports[`pages | home | Home Renders the page 1`] = `ShallowWrapper {}`;
