// Jest Snapshot v1, https://goo.gl/fbAQLP

exports[`pages | menu | Menu Renders the page 1`] = `ShallowWrapper {}`;
